cargo : warning: missing documentation for a variant
In Zeile:1 Zeichen:69
+ ... ojecte\scp"; cargo build -p scp-index 2>&1 > build_output.txt; Get-Co ...
+                  ~~~~~~~~~~~~~~~~~~~~~~~~~~~~~~~~~~~~~~~~~~~~~~~~
    + CategoryInfo          : NotSpecified: (warning: missin...n for a variant:String) [], RemoteException
    + FullyQualifiedErrorId : NativeCommandError
 
  --> crates\scp-index\src\registry.rs:14:5
   |
14 |     ToolNotFound(String),
   |     ^^^^^^^^^^^^
   |
note: the lint level is defined here
  --> crates\scp-index\src\lib.rs:1:9
   |
 1 | #![warn(missing_docs)]
   |         ^^^^^^^^^^^^

warning: missing documentation for a variant
  --> crates\scp-index\src\registry.rs:17:5
   |
17 |     ServerNotFound(String),
   |     ^^^^^^^^^^^^^^

warning: missing documentation for a variant
  --> crates\scp-index\src\registry.rs:20:5
   |
20 |     Collision(String),
   |     ^^^^^^^^^

warning: missing documentation for a struct field
  --> crates\scp-index\src\scorer.rs:37:5
   |
37 |     pub engine: String,      // "tags" | "tfidf" | "embedding"
   |     ^^^^^^^^^^^^^^^^^^

warning: `scp-index` (lib) generated 4 warnings
    Finished `dev` profile [unoptimized + debuginfo] target(s) in 0.22s
