﻿cargo :    Compiling scp-tests v0.1.0 (C:\Users\Elias Stepanik\OpenCloud\Pers├Ânlich\Dev\Projecte\scp\tests)
In Zeile:1 Zeichen:69
+ ... \Projecte\scp"; cargo test --workspace 2>&1 > test_output.txt; type t ...
+                     ~~~~~~~~~~~~~~~~~~~~~~~~~~~~~~~~~~~~~~~~~~~~~
    + CategoryInfo          : NotSpecified: (   Compiling sc...ecte\scp\tests):String) [], RemoteException
    + FullyQualifiedErrorId : NativeCommandError
 
    Finished `test` profile [unoptimized + debuginfo] target(s) in 1.10s
     Running unittests src\main.rs (target\debug\deps\scp_cli-ff30a0617fc4ff4e.exe)

running 0 tests

test result: ok. 0 passed; 0 failed; 0 ignored; 0 measured; 0 filtered out; finished in 0.00s

     Running unittests src\lib.rs (target\debug\deps\scp_core-6a12a6488d7177f5.exe)

running 47 tests
test config::tests::test_logging_config_defaults ... ok
test keyword_accumulator::tests::test_add_keywords_filters_stop_words ... ok
test config::tests::test_validation_invalid_admin_port ... ok
test config::tests::test_config_loading ... ok
test config::tests::test_validation_budget_within_limit ... ok
test config::tests::test_validation_invalid_listen_port ... ok
test config::tests::test_validation_budget_exceeds_limit ... ok
test config::tests::test_validation_stdio_empty_command ... ok
test config::tests::test_validation_duplicate_servers ... ok
test config::tests::test_validation_port_conflict ... ok
test id_map::tests::test_multiple_ids ... ok
test id_map::tests::test_remove ... ok
test keyword_accumulator::tests::test_decay_removes_small_frequencies ... ok
test keyword_accumulator::tests::test_add_keywords ... ok
test config::tests::test_validation_duplicate_server_name_in_error ... ok
test config::tests::test_validation_stdio_missing_command ... ok
test config::tests::test_validation_invalid_url_scheme ... ok
test config::tests::test_validation_invalid_transport ... ok
test config::tests::test_validation_multiple_errors_collected ... ok
test config::tests::test_validation_valid_http_url ... ok
test config::tests::test_validation_sse_missing_url ... ok
test config::tests::test_validation_valid_https_url ... ok
test keyword_accumulator::tests::test_short_tokens_filtered ... ok
test keyword_accumulator::tests::test_extract_from_nested_json ... ok
test id_map::tests::test_generate_and_lookup ... ok
test id_map::tests::test_collision_free ... ok
test config::tests::test_validation_sse_empty_url ... ok
test keyword_accumulator::tests::test_lowercase_normalization ... ok
test keyword_accumulator::tests::test_extract_from_simple_string ... ok
test keyword_accumulator::tests::test_frequency_accumulation ... ok
test keyword_accumulator::tests::test_decay_halves_frequencies ... ok
test keyword_accumulator::tests::test_stop_words_filtered ... ok
test keyword_accumulator::tests::test_top_k_respects_limit ... ok
test keyword_accumulator::tests::test_top_k_returns_highest_first ... ok
test protocol::tests::test_incoming_message_notification ... ok
test config::tests::test_missing_env_var ... ok
test config::tests::test_validation_invalid_url_format ... ok
test config::tests::test_env_var_interpolation ... ok
test protocol::tests::test_incoming_message_request ... ok
test protocol::tests::test_incoming_message_response ... ok
test protocol::tests::test_notification_serialization ... ok
test protocol::tests::test_request_id_null ... ok
test protocol::tests::test_request_id_number ... ok
test protocol::tests::test_request_id_string ... ok
test protocol::tests::test_request_serialization ... ok
test protocol::tests::test_response_error ... ok
test protocol::tests::test_response_success ... ok

test result: ok. 47 passed; 0 failed; 0 ignored; 0 measured; 0 filtered out; finished in 0.00s

     Running unittests src\lib.rs (target\debug\deps\scp_filter-a957ebfc7fe9bb51.exe)

running 90 tests
test budget::tests::test_select_chunks_all_fit ... ok
test budget::tests::test_truncate_over_budget ... ok
test budget::tests::test_enforce_response ... ok
test chunker::tests::test_chunk_indices_sequential ... ok
test budget::tests::test_reassemble_single_chunk ... ok
test chunker::tests::test_json_element_split ... ok
test budget::tests::test_select_chunks_preserves_document_order ... ok
test chunker::tests::test_paragraph_split ... ok
test content_type::tests::test_data_uri_image ... ok
test content_type::tests::test_base64_long_string ... ok
test budget::tests::test_truncate_preserves_boundaries ... ok
test budget::tests::test_truncate_under_budget ... ok
test chunker::tests::test_auto_strategy_fixed_size ... ok
test chunker::tests::test_auto_strategy_line ... ok
test chunker::tests::test_auto_strategy_paragraph ... ok
test budget::tests::test_reassemble_empty ... ok
test chunker::tests::test_fixed_size_single_chunk ... ok
test chunker::tests::test_json_element_single ... ok
test budget::tests::test_select_chunks_empty_budget_force_includes_top ... ok
test chunker::tests::test_fixed_size_split ... ok
test chunker::tests::test_line_empty_input ... ok
test chunker::tests::test_line_split ... ok
test chunker::tests::test_paragraph_empty_input ... ok
test budget::tests::test_select_chunks_respects_budget ... ok
test chunker::tests::test_paragraph_strips_whitespace ... ok
test content_type::tests::test_base64_short_string ... ok
test content_type::tests::test_bool_value ... ok
test content_type::tests::test_empty_array ... ok
test chunker::tests::test_chunk_default_score ... ok
test budget::tests::test_truncate_minimum_delivery ... ok
test chunker::tests::test_paragraph_single_chunk ... ok
test budget::tests::test_reassemble_joins_with_separator ... ok
test content_type::tests::test_json_array ... ok
test content_type::tests::test_json_object ... ok
test content_type::tests::test_mcp_content_array_image ... ok
test content_type::tests::test_mcp_content_array_mixed ... ok
test content_type::tests::test_mcp_content_array_text ... ok
test content_type::tests::test_mcp_content_array_with_resource ... ok
test content_type::tests::test_mixed_array_strings_and_objects ... ok
test content_type::tests::test_null_value ... ok
test content_type::tests::test_number_value ... ok
test content_type::tests::test_plain_text_string ... ok
test dedup::tests::test_dedup_filter_is_duplicate_false ... ok
test dedup::tests::test_dedup_filter_is_duplicate_true ... ok
test dedup::tests::test_delivery_log_insert_and_contains ... ok
test dedup::tests::test_delivery_log_lru_eviction ... ok
test dedup::tests::test_delivery_log_not_contains ... ok
test dedup::tests::test_hash_text_deterministic ... ok
test dedup::tests::test_hash_text_different ... ok
test delivery_logger::tests::test_record_empty_chunks ... ok
test delivery_logger::tests::test_record_chunks_adds_to_log ... ok
test delivery_logger::tests::test_record_then_dedup_filters ... ok
test delivery_logger::tests::test_update_budget_decrements ... ok
test delivery_logger::tests::test_update_budget_saturates_at_zero ... ok
test pipeline::tests::test_extract_text_json_object ... ok
test pipeline::tests::test_extract_text_mcp_array ... ok
test pipeline::tests::test_extract_text_string ... ok
test pipeline::tests::test_pipeline_disabled_passthrough ... ok
test pipeline::tests::test_pipeline_empty_content ... ok
test embedding_scorer::tests::test_score_chunks_empty ... ok
test embedding_scorer::tests::test_score_chunks_uses_cache ... ok
test embedding_scorer::tests::test_score_chunks_empty_query ... ok
test pipeline::tests::test_pipeline_image_passthrough ... ok
test pipeline::tests::test_pipeline_full_run ... ok
test pipeline::tests::test_pipeline_json_object_passthrough ... ok
test pipeline::tests::test_pipeline_mcp_array_format ... ok
test pipeline::tests::test_pipeline_short_circuit_small_content ... ok
test progressive::tests::test_annotate_empty_content ... ok
test progressive::tests::test_annotate_hint_contains_numbers ... ok
test pipeline::tests::test_pipeline_dedup_second_call ... ok
test progressive::tests::test_annotate_when_disabled ... ok
test progressive::tests::test_annotate_when_no_chunks_dropped ... ok
test progressive::tests::test_annotate_when_some_filtered ... ok
test progressive::tests::test_annotate_with_request_id_substitution ... ok
test progressive::tests::test_annotate_zero_shown ... ok
test relevance::tests::test_case_insensitive ... ok
test relevance::tests::test_empty_query_returns_neutral ... ok
test relevance::tests::test_matching_chunk_scores_higher ... ok
test relevance::tests::test_no_match_scores_zero ... ok
test relevance::tests::test_score_text_empty_query ... ok
test relevance::tests::test_score_text_full_match ... ok
test relevance::tests::test_score_text_partial_match ... ok
test token_count::tests::test_count_tokens_ascii ... ok
test token_count::tests::test_count_tokens_cjk ... ok
test token_count::tests::test_count_tokens_code ... ok
test token_count::tests::test_count_tokens_empty ... ok
test token_count::tests::test_count_tokens_mixed ... ok
test token_count::tests::test_measure_response_tokens ... ok
test embedding_scorer::tests::test_fallback_to_keyword_on_unavailable ... ok
test embedding_scorer::tests::test_score_chunks_fallback_on_unavailable ... ok

test result: ok. 90 passed; 0 failed; 0 ignored; 0 measured; 0 filtered out; finished in 2.36s

     Running unittests src\lib.rs (target\debug\deps\scp_hub-c7b23f401abee6dd.exe)

running 27 tests
test reload::tests::test_diff_configs_added ... ok
test tool_cache::tests::test_cache_hit ... ok
test reload::tests::test_diff_configs_removed ... ok
test tool_cache::tests::test_cache_invalidate ... ok
test router::tests::test_router_unknown_method ... ok
test router::tests::test_router_ping ... ok
test server_manager::tests::test_add_server ... ok
test server_manager::tests::test_server_manager_creation ... ok
test session_store::tests::test_session_creation ... ok
test router::tests::test_tools_list_includes_extension_tools ... ok
test admin::tests::test_list_tools_empty ... ok
test session_store::tests::test_session_initialize ... ok
test tool_cache::tests::test_cache_ttl_not_expired ... ok
test admin::tests::test_list_tools_filter_by_description ... ok
test admin::tests::test_list_tools_with_filter ... ok
test router::tests::test_tools_list_empty_registry ... ok
test admin::tests::test_list_tools_case_insensitive_filter ... ok
test session_store::tests::test_session_list ... ok
test tool_cache::tests::test_cache_invalidate_all ... ok
test admin::tests::test_admin_metrics_extended ... ok
test router::tests::test_metrics_instrumentation ... ok
test admin::tests::test_health_response_has_sessions ... ok
test router::tests::test_tools_list_returns_scored_tools ... ok
test admin::tests::test_prometheus_metrics_endpoint ... ok
test session_store::tests::test_session_removal ... ok
test admin::tests::test_list_tools_with_registry ... ok
test tool_cache::tests::test_cache_miss_after_ttl ... ok

test result: ok. 27 passed; 0 failed; 0 ignored; 0 measured; 0 filtered out; finished in 0.01s

     Running unittests src\main.rs (target\debug\deps\scp_hub-b12319fadc89af70.exe)

running 29 tests
test listener::tests::test_rate_limit_headers_present ... ok
test listener::tests::test_listener_creation ... ok
test reload::tests::test_diff_configs_removed ... ok
test admin::tests::test_health_response_has_sessions ... ok
test reload::tests::test_diff_configs_added ... ok
test router::tests::test_router_ping ... ok
test admin::tests::test_list_tools_empty ... ok
test router::tests::test_router_unknown_method ... ok
test server_manager::tests::test_server_manager_creation ... ok
test admin::tests::test_list_tools_case_insensitive_filter ... ok
test admin::tests::test_list_tools_with_filter ... ok
test tool_cache::tests::test_cache_hit ... ok
test router::tests::test_tools_list_includes_extension_tools ... ok
test session_store::tests::test_session_creation ... ok
test admin::tests::test_list_tools_with_registry ... ok
test tool_cache::tests::test_cache_invalidate ... ok
test router::tests::test_tools_list_empty_registry ... ok
test session_store::tests::test_session_initialize ... ok
test admin::tests::test_list_tools_filter_by_description ... ok
test router::tests::test_metrics_instrumentation ... ok
test tool_cache::tests::test_cache_ttl_not_expired ... ok
test tool_cache::tests::test_cache_invalidate_all ... ok
test router::tests::test_tools_list_returns_scored_tools ... ok
test session_store::tests::test_session_removal ... ok
test admin::tests::test_admin_metrics_extended ... ok
test server_manager::tests::test_add_server ... ok
test admin::tests::test_prometheus_metrics_endpoint ... ok
test session_store::tests::test_session_list ... ok
test tool_cache::tests::test_cache_miss_after_ttl ... ok

test result: ok. 29 passed; 0 failed; 0 ignored; 0 measured; 0 filtered out; finished in 0.01s

     Running unittests src\lib.rs (target\debug\deps\scp_index-48c776c08a714962.exe)

running 59 tests
test embedding_client::tests::test_cosine_similarity_orthogonal ... ok
test embedding_cache::tests::test_cache_key_deterministic ... ok
test embedding_client::tests::test_cosine_similarity_identical ... ok
test embedding_cache::tests::test_cache_insert_and_get ... ok
test registry::tests::test_registry_creation ... ok
test tags::tests::test_case_insensitive ... ok
test scorer::tests::test_sorted_by_score_descending ... ok
test scorer::tests::test_multiple_always_include_tools ... ok
test registry::tests::test_collision_detection ... ok
test embedding_cache::tests::test_cache_miss ... ok
test embedding_scorer::tests::test_score_tools_empty_query ... ok
test registry::tests::test_list_tools_for_server ... ok
test registry::tests::test_register_tools ... ok
test tags::tests::test_empty_tags ... ok
test registry::tests::test_select_tools_includes_always_include_tools ... ok
test registry::tests::test_strip_prefix ... ok
test registry::tests::test_select_tools_respects_max_limit ... ok
test registry::tests::test_unregister_server ... ok
test scorer::tests::test_always_include_tools_float_to_top ... ok
test scorer::tests::test_score_and_rank_with_tags_engine ... ok
test scorer::tests::test_weight_combination_affects_score ... ok
test embedding_scorer::tests::test_score_tools_sorted_by_score ... ok
test embedding_scorer::tests::test_score_tools_empty_tools ... ok
test embedding_client::tests::test_cosine_similarity_empty ... ok
test tags::tests::test_duplicate_tags ... ok
test tags::tests::test_empty_keywords ... ok
test tags::tests::test_exact_match ... ok
test scorer::tests::test_empty_keywords_with_usage_tracking ... ok
test scorer::tests::test_score_and_rank_with_tfidf_engine ... ok
test registry::tests::test_select_tools_respects_max ... ok
test tags::tests::test_both_empty ... ok
test registry::tests::test_rebuild_for_server_replaces_tools ... ok
test embedding_cache::tests::test_cache_save_and_load ... ok
test tags::tests::test_multiple_partial_overlap ... ok
test usage::tests::test_unseen_tool_gets_nonzero_floor_score ... ok
test tags::tests::test_no_overlap ... ok
test tags::tests::test_partial_overlap ... ok
test tags::tests::test_single_tag_match ... ok
test tags::tests::test_single_tag_no_match ... ok
test tfidf::tests::test_build_with_empty_descriptions ... ok
test tfidf::tests::test_empty_tools_list ... ok
test tfidf::tests::test_build_with_two_tools_different_descriptions ... ok
test tfidf::tests::test_identical_descriptions_equal_scores ... ok
test tfidf::tests::test_query_with_unknown_terms ... ok
test tfidf::tests::test_score_for_unknown_tool ... ok
test tfidf::tests::test_score_bounded_in_range ... ok
test tfidf::tests::test_score_with_empty_query ... ok
test tfidf::tests::test_tokenization_filters_short_tokens ... ok
test tfidf::tests::test_tokenization_lowercase ... ok
test usage::tests::test_call_count_returns_zero_for_unknown ... ok
test usage::tests::test_frequently_called_tool_scores_higher ... ok
test usage::tests::test_multiple_profiles_independent ... ok
test usage::tests::test_profile_with_no_history_returns_zero ... ok
test usage::tests::test_record_call_increments_count ... ok
test usage::tests::test_scores_sum_approximately_to_one ... ok
test tfidf::tests::test_tokenization_filters_stop_words ... ok
test embedding_client::tests::test_embed_empty_input ... ok
test embedding_scorer::tests::test_fallback_on_unavailable_endpoint ... ok
test embedding_scorer::tests::test_score_tools_fallback_on_error ... ok

test result: ok. 59 passed; 0 failed; 0 ignored; 0 measured; 0 filtered out; finished in 2.36s

     Running unittests src\lib.rs (target\debug\deps\scp_pool-dcf3771f50cacb3c.exe)

running 12 tests
test circuit_breaker::tests::test_circuit_breaker_half_open_after_timeout ... ok
test circuit_breaker::tests::test_circuit_breaker_closes_on_success ... ok
test circuit_breaker::tests::test_circuit_breaker_half_open_failure_reopens ... ok
test circuit_breaker::tests::test_circuit_breaker_opens_after_threshold ... ok
test lifecycle::tests::test_lifecycle_info_record_failure ... ok
test lifecycle::tests::test_lifecycle_info_transition ... ok
test lifecycle::tests::test_server_state_is_available ... ok
test lifecycle::tests::test_server_state_is_healthy ... ok
test shared::tests::test_shared_pool_creation ... ok
test manager::tests::test_pool_manager_creation ... ok
test manager::tests::test_disable_enable_server ... ok
test manager::tests::test_add_server ... ok

test result: ok. 12 passed; 0 failed; 0 ignored; 0 measured; 0 filtered out; finished in 0.00s

     Running unittests src\lib.rs (target\debug\deps\scp_tests-185892444c3847fb.exe)

running 0 tests

test result: ok. 0 passed; 0 failed; 0 ignored; 0 measured; 0 filtered out; finished in 0.00s

     Running unittests src\bin\mock_server.rs (target\debug\deps\mock_mcp_server-d0b19cc627475c6b.exe)

running 0 tests

test result: ok. 0 passed; 0 failed; 0 ignored; 0 measured; 0 filtered out; finished in 0.00s

     Running tests\e2e_test.rs (target\debug\deps\e2e_test-bd4b131547b65bd9.exe)

running 3 tests
test test_admin_api_sessions ... ok
test test_full_hub_lifecycle ... ok
test test_tool_call_proxied_through_filter ... ok

test result: ok. 3 passed; 0 failed; 0 ignored; 0 measured; 0 filtered out; finished in 0.00s

     Running tests\embedding_test.rs (target\debug\deps\embedding_test-3992ea79eee0f385.exe)

running 6 tests
test test_intent_hint_stripped_from_backend ... ok
test test_chunk_cache_lru_eviction ... ok
test test_extension_tools_always_present ... ok
test test_scp_info_returns_version ... ok
test test_progressive_disclosure_end_to_end ... ok
test test_fallback_to_keyword_scoring ... ok

test result: ok. 6 passed; 0 failed; 0 ignored; 0 measured; 0 filtered out; finished in 2.05s

     Running tests\filter_pipeline_test.rs (target\debug\deps\filter_pipeline_test-b8e98db905b571c5.exe)

running 2 tests
test test_dedup_across_calls ... ok
test test_large_log_filtering ... ok

test result: ok. 2 passed; 0 failed; 0 ignored; 0 measured; 0 filtered out; finished in 0.00s

     Running tests\multi_client_test.rs (target\debug\deps\multi_client_test-1c228b2439ebd220.exe)

running 7 tests
test test_dedicated_server_separate_processes ... ignored
test test_session_isolation ... ok
test test_session_budget_isolation ... ok
test test_request_id_isolation ... ok
test test_multi_client_tools_list_and_call ... ok
test test_concurrent_requests_same_session ... ok
test test_session_expiry ... ok

test result: ok. 6 passed; 0 failed; 1 ignored; 0 measured; 0 filtered out; finished in 2.00s

     Running tests\passthrough.rs (target\debug\deps\passthrough-26a413f247948aa4.exe)

running 5 tests
test test_id_remapping ... ignored
test test_initialize_handshake ... ignored
test test_ping_handled_by_scp ... ignored
test test_tools_call_passthrough ... ignored
test test_tools_list_passthrough ... ignored

test result: ok. 0 passed; 0 failed; 5 ignored; 0 measured; 0 filtered out; finished in 0.00s

     Running tests\phase1.rs (target\debug\deps\phase1-e814d2259c620d02.exe)

running 7 tests
test test_budget_truncation ... ok
test test_strip_prefix ... ok
test test_token_counting ... ok
test test_tool_registry_collision ... ok
test test_pool_manager_add_server ... ok
test test_env_var_interpolation ... ok
test test_config_loading ... ok

test result: ok. 7 passed; 0 failed; 0 ignored; 0 measured; 0 filtered out; finished in 0.00s

     Running tests\tool_index_test.rs (target\debug\deps\tool_index_test-60e7fb26b711f0db.exe)

running 6 tests
test test_usage_tracking_affects_ranking ... ok
test test_session_keyword_accumulation ... ok
test test_tools_list_scoring_respects_context ... ok
test test_tool_cache_invalidation_on_list_changed ... ok
test test_always_include_bypass ... ok
test test_tools_list_respects_max_exposed ... ok

test result: ok. 6 passed; 0 failed; 0 ignored; 0 measured; 0 filtered out; finished in 0.00s

     Running unittests src\lib.rs (target\debug\deps\scp_transport-10df19bfa9135840.exe)

running 0 tests

test result: ok. 0 passed; 0 failed; 0 ignored; 0 measured; 0 filtered out; finished in 0.00s

   Doc-tests scp_core

running 0 tests

test result: ok. 0 passed; 0 failed; 0 ignored; 0 measured; 0 filtered out; finished in 0.00s

   Doc-tests scp_filter

running 0 tests

test result: ok. 0 passed; 0 failed; 0 ignored; 0 measured; 0 filtered out; finished in 0.00s

   Doc-tests scp_hub

running 0 tests

test result: ok. 0 passed; 0 failed; 0 ignored; 0 measured; 0 filtered out; finished in 0.00s

   Doc-tests scp_index

running 0 tests

test result: ok. 0 passed; 0 failed; 0 ignored; 0 measured; 0 filtered out; finished in 0.00s

   Doc-tests scp_pool

running 0 tests

test result: ok. 0 passed; 0 failed; 0 ignored; 0 measured; 0 filtered out; finished in 0.00s

   Doc-tests scp_tests

running 0 tests

test result: ok. 0 passed; 0 failed; 0 ignored; 0 measured; 0 filtered out; finished in 0.00s

   Doc-tests scp_transport

running 0 tests

test result: ok. 0 passed; 0 failed; 0 ignored; 0 measured; 0 filtered out; finished in 0.00s

